<html>
<body>
<pre>
<h1>礦ision Build Log</h1>
<h2>Project:</h2>
E:\实验室管理\604实验室\HDU-EID-V2-STM32开发板资料\程序\STM32F10x_AN2592_FW_V3.0.0\Project\InputCaptureMode\RVMDK\Timer_InputCapture.Uv2
Project File Date:  04/25/2009

<h2>Output:</h2>
Rebuild target 'STM3210E-EVAL'
compiling main.c...
compiling stm32f10x_it.c...
compiling stm32f10x_tim.c...
compiling misc.c...
compiling stm32f10x_gpio.c...
compiling stm32f10x_rcc.c...
assembling startup_stm32f10x_hd.s...
compiling system_stm32f10x.c...
linking...
Program Size: Code=1956 RO-data=336 RW-data=24 ZI-data=536  
".\Obj\STM3210E-EVAL.axf" - 0 Error(s), 0 Warning(s).
.2.0\GigaDevice.GD32F1x0_DFP.pdsc(902,86): 
Error parsing node '#text' :value 'GigaDevice:123' not in enumeration
C:\Keil_v5\ARM\PACK\GigaDevice\GD32F1x0_DFP\3.2.0\GigaDevice.GD32F1x0_DFP.pdsc(903,89): 
Error parsing node '#text' :value 'GigaDevice:123' not in enumeration
